Microchip MPLAB XC8 Compiler V2.10 ()

Linker command line:

-W-3 --edf=C:\Program Files (x86)\Microchip\xc8\v2.10\pic\dat\en_msgs.txt \
  -cs -h+dist/default/production\proyecto.production.sym \
  --cmf=dist/default/production\proyecto.production.cmf -z -Q18F4321 \
  -oC:\Users\Usuario\AppData\Local\Temp\sc6o.2 --defsym=__MPLAB_BUILD=1 \
  -Mdist/default/production/proyecto.production.map -E1 -ver=XC8 \
  --acfsm=1493 -ASTACK=0120h-01FFh -pstack=STACK -ACODE=00h-01FFFh \
  -ACONST=00h-01FFFh -ASMALLCONST=0200h-02FFhx30 -AMEDIUMCONST=0200h-01FFFh \
  -ACOMRAM=01h-07Fh -AABS1=00h-01FFh -ABIGRAM=01h-01FFh \
  -ARAM=080h-0FFh,0100h-01FFh -ABANK0=080h-0FFh -ABANK1=0100h-01FFh \
  -ASFR=0F80h-0FFFh -preset_vec=00h,intcode,intcodelo,powerup,init \
  -pramtop=0200h -psmallconst=SMALLCONST -pmediumconst=MEDIUMCONST \
  -pconst=CONST -AFARRAM=00h-00h -ACONFIG=0300000h-030000Dh -pconfig=CONFIG \
  -AIDLOC=0200000h-0200007h -pidloc=IDLOC -AEEDATA=0F00000h-0F000FFh \
  -peeprom_data=EEDATA \
  -prdata=COMRAM,nvrram=COMRAM,nvbit=COMRAM,rbss=COMRAM,rbit=COMRAM \
  -pfarbss=FARRAM,fardata=FARRAM,nvFARRAM=FARRAM \
  -pintsave_regs=BIGRAM,bigbss=BIGRAM,bigdata=BIGRAM -pbss=RAM \
  -pidata=CODE,irdata=CODE,ibigdata=CODE,ifardata=CODE -prparam=COMRAM \
  C:\Users\Usuario\AppData\Local\Temp\sc6o.o \
  dist/default/production\proyecto.production.o 

Object code version is 3.11

Machine type is 18F4321

Call graph: (short form)




                Name                               Link     Load   Length Selector   Space Scale
C:\Users\Usuario\AppData\Local\Temp\sc6o.o
                init                                  0        0        4        0       0
                idloc                            200000   200000        8   200000       0
                config                           300000   300000        E   300000       0
dist/default/production\proyecto.production.o
                smallconst                          200      200       D2      100       0
                text16                              CF6      CF6       70      169       0
                text15                              C86      C86       70      169       0
                text14                              F3C      F3C        C      169       0
                text13                              F50      F50        2      7A8       0
                text12                              BF0      BF0       96      169       0
                text11                              E6E      E6E       4E      169       0
                text10                              742      742      198      169       0
                text9                               8DA      8DA      164      169       0
                text8                               D66      D66       5E      169       0
                text7                               F16      F16       26      169       0
                text6                               DC4      DC4       5C      169       0
                text5                               2D2      2D2      2D0      169       0
                text4                               B5A      B5A       96      169       0
                text3                               EBC      EBC       34      169       0
                text2                               EF0      EF0       26      169       0
                text1                               A3E      A3E      11C      169       0
                text0                               5A2      5A2      1A0      169       0
                cstackCOMRAM                          1        1       5C        1       1
                bssBANK1                            100      100       20      100       1
                dataBANK0                            F9       F9        7       80       1
                bssBANK0                             80       80       79       80       1
                bssCOMRAM                            5D       5D       1F        1       1
                cinit                               E20      E20       4E      169       0
                idataBANK0                          F48      F48        7      169       0

TOTAL           Name                               Link     Load   Length     Space
        CLASS   STACK          

        CLASS   CODE           
                init                                  0        0        4         0
                text16                              CF6      CF6       70         0
                text15                              C86      C86       70         0
                text14                              F3C      F3C        C         0
                text13                              F50      F50        2         0
                text12                              BF0      BF0       96         0
                text11                              E6E      E6E       4E         0
                text10                              742      742      198         0
                text9                               8DA      8DA      164         0
                text8                               D66      D66       5E         0
                text7                               F16      F16       26         0
                text6                               DC4      DC4       5C         0
                text5                               2D2      2D2      2D0         0
                text4                               B5A      B5A       96         0
                text3                               EBC      EBC       34         0
                text2                               EF0      EF0       26         0
                text1                               A3E      A3E      11C         0
                text0                               5A2      5A2      1A0         0
                cinit                               E20      E20       4E         0
                idataBANK0                          F48      F48        7         0

        CLASS   CONST          

        CLASS   SMALLCONST     
                smallconst                          200      200       D2         0

        CLASS   MEDIUMCONST    

        CLASS   COMRAM         
                cstackCOMRAM                          1        1       5C         1
                bssCOMRAM                            5D       5D       1F         1

        CLASS   ABS1           

        CLASS   BIGRAM         

        CLASS   RAM            

        CLASS   BANK0          
                dataBANK0                            F9       F9        7         1
                bssBANK0                             80       80       79         1

        CLASS   BANK1          
                bssBANK1                            100      100       20         1

        CLASS   SFR            

        CLASS   FARRAM         

        CLASS   CONFIG         
                config                           300000   300000        E         0

        CLASS   IDLOC          
                idloc                            200000   200000        8         0

        CLASS   EEDATA         



SEGMENTS        Name                           Load    Length   Top    Selector   Space  Class

                reset_vec                      000000  000004  000004         0       0  CODE    
                cstackCOMRAM                   000001  00007B  00007C         1       1  COMRAM  
                bssBANK0                       000080  000080  000100        80       1  BANK0   
                bssBANK1                       000100  000020  000120       100       1  BANK1   
                smallconst                     000200  0000D2  0002D2       100       0  SMALLCON
                text5                          0002D2  000C7D  000F4F       169       0  CODE    
                text13                         000F50  000002  000F52       7A8       0  CODE    
                idloc                          200000  000008  200008    200000       0  IDLOC   
                config                         300000  00000E  30000E    300000       0  CONFIG  


UNUSED ADDRESS RANGES

        Name                Unused          Largest block    Delta
        BANK1            000120-0001FF               E0
        BIGRAM           00007C-00007F                4
                         000120-0001FF               E0
        CODE             000004-0001FF              1FC
                         000F4F-000F4F                1
                         000F52-001FFF             10AE
        COMRAM           00007C-00007F                4
        CONST            000004-0001FF              1FC
                         000F4F-000F4F                1
                         000F52-001FFF             10AE
        EEDATA           F00000-F000FF              100
        MEDIUMCONST      000F4F-000F4F                1
                         000F52-001FFF             10AE
        RAM              000120-0001FF               E0
        SFR              000F80-000FFF               80
        SMALLCONST       000F4F-000F4F                1
                         000F52-001FFF              100
        STACK            000120-0001FF               E0

                                  Symbol Table

?___wmul                   cstackCOMRAM 000001
?_printf                   cstackCOMRAM 000032
?_stoa                     cstackCOMRAM 00000A
?_strcmp                   cstackCOMRAM 000001
?_strlen                   cstackCOMRAM 000001
?_vfpfcnvrt                cstackCOMRAM 000020
?_vfprintf                 cstackCOMRAM 00002A
IOTICAT_exists@i           cstackCOMRAM 000008
IOTICAT_exists@uid         cstackCOMRAM 000006
IOTICAT_login@i            cstackCOMRAM 000040
IOTICAT_login@uid          cstackCOMRAM 00003E
IOTICAT_register@user      cstackCOMRAM 000001
IOTICAT_show@i             cstackCOMRAM 00003F
IOTICAT_show@i_167         cstackCOMRAM 000041
_IOTICAT_exists            text15       000C86
_IOTICAT_init              text14       000F3C
_IOTICAT_login             text4        000B5A
_IOTICAT_register          text3        000EBC
_IOTICAT_show              text1        000A3E
__HRAM                     (abs)        000000
__Habs1                    abs1         000000
__Hbank0                   bank0        000000
__Hbank1                   bank1        000000
__Hbigbss                  bigbss       000000
__Hbigdata                 bigdata      000000
__Hbigram                  bigram       000000
__Hbss                     bss          000000
__HbssBANK0                bssBANK0     000000
__HbssBANK1                bssBANK1     000000
__HbssCOMRAM               bssCOMRAM    000000
__Hcinit                   cinit        000000
__Hclrtext                 clrtext      000000
__Hcomram                  comram       000000
__Hconfig                  config       30000E
__Hconst                   const        000000
__HcstackCOMRAM            cstackCOMRAM 000000
__Hdata                    data         000000
__HdataBANK0               dataBANK0    000000
__Heeprom_data             eeprom_data  000000
__Hfarbss                  farbss       000000
__Hfardata                 fardata      000000
__Hibigdata                ibigdata     000000
__Hidata                   idata        000000
__HidataBANK0              idataBANK0   000000
__Hidloc                   idloc        200008
__Hifardata                ifardata     000000
__Hinit                    init         000004
__Hintcode                 intcode      000000
__Hintcode_body            intcode_body 000000
__Hintcodelo               intcodelo    000000
__Hintentry                intentry     000000
__Hintret                  intret       000000
__Hintsave_regs            intsave_regs 000000
__Hirdata                  irdata       000000
__Hmediumconst             mediumconst  000000
__HnvFARRAM                nvFARRAM     000000
__Hnvbit                   nvbit        000000
__Hnvrram                  nvrram       000000
__Hparam                   rparam       000000
__Hpowerup                 powerup      000000
__Hram                     ram          000000
__Hramtop                  ramtop       000200
__Hrbit                    rbit         000000
__Hrbss                    rbss         000000
__Hrdata                   rdata        000000
__Hreset_vec               reset_vec    000000
__Hrparam                  rparam       000000
__Hsfr                     sfr          000000
__Hsmallconst              smallconst   0002D2
__Hspace_0                 (abs)        30000E
__Hspace_1                 (abs)        000120
__Hspace_2                 (abs)        000000
__Hstack                   stack        000000
__Hstruct                  struct       000000
__Htemp                    temp         000000
__Htext                    text         000000
__Htext0                   text0        000000
__Htext1                   text1        000000
__Htext10                  text10       000000
__Htext11                  text11       000000
__Htext12                  text12       000000
__Htext13                  text13       000000
__Htext14                  text14       000000
__Htext15                  text15       000000
__Htext16                  text16       000000
__Htext2                   text2        000000
__Htext3                   text3        000000
__Htext4                   text4        000000
__Htext5                   text5        000000
__Htext6                   text6        000000
__Htext7                   text7        000000
__Htext8                   text8        000000
__Htext9                   text9        000000
__LRAM                     (abs)        000001
__Labs1                    abs1         000000
__Lbank0                   bank0        000000
__Lbank1                   bank1        000000
__Lbigbss                  bigbss       000000
__Lbigdata                 bigdata      000000
__Lbigram                  bigram       000000
__Lbss                     bss          000000
__LbssBANK0                bssBANK0     000000
__LbssBANK1                bssBANK1     000000
__LbssCOMRAM               bssCOMRAM    000000
__Lcinit                   cinit        000000
__Lclrtext                 clrtext      000000
__Lcomram                  comram       000000
__Lconfig                  config       300000
__Lconst                   const        000000
__LcstackCOMRAM            cstackCOMRAM 000000
__Ldata                    data         000000
__LdataBANK0               dataBANK0    000000
__Leeprom_data             eeprom_data  000000
__Lfarbss                  farbss       000000
__Lfardata                 fardata      000000
__Libigdata                ibigdata     000000
__Lidata                   idata        000000
__LidataBANK0              idataBANK0   000000
__Lidloc                   idloc        200000
__Lifardata                ifardata     000000
__Linit                    init         000000
__Lintcode                 intcode      000000
__Lintcode_body            intcode_body 000000
__Lintcodelo               intcodelo    000000
__Lintentry                intentry     000000
__Lintret                  intret       000000
__Lintsave_regs            intsave_regs 000000
__Lirdata                  irdata       000000
__Lmediumconst             mediumconst  000000
__LnvFARRAM                nvFARRAM     000000
__Lnvbit                   nvbit        000000
__Lnvrram                  nvrram       000000
__Lparam                   rparam       000000
__Lpowerup                 powerup      000000
__Lram                     ram          000000
__Lramtop                  ramtop       000200
__Lrbit                    rbit         000000
__Lrbss                    rbss         000000
__Lrdata                   rdata        000000
__Lreset_vec               reset_vec    000000
__Lrparam                  rparam       000000
__Lsfr                     sfr          000000
__Lsmallconst              smallconst   000200
__Lspace_0                 (abs)        000000
__Lspace_1                 (abs)        000000
__Lspace_2                 (abs)        000000
__Lstack                   stack        000000
__Lstruct                  struct       000000
__Ltemp                    temp         000000
__Ltext                    text         000000
__Ltext0                   text0        000000
__Ltext1                   text1        000000
__Ltext10                  text10       000000
__Ltext11                  text11       000000
__Ltext12                  text12       000000
__Ltext13                  text13       000000
__Ltext14                  text14       000000
__Ltext15                  text15       000000
__Ltext16                  text16       000000
__Ltext2                   text2        000000
__Ltext3                   text3        000000
__Ltext4                   text4        000000
__Ltext5                   text5        000000
__Ltext6                   text6        000000
__Ltext7                   text7        000000
__Ltext8                   text8        000000
__Ltext9                   text9        000000
__S0                       (abs)        30000E
__S1                       (abs)        000120
__S2                       (abs)        000000
___inthi_sp                stack        000000
___intlo_sp                stack        000000
___param_bank              (abs)        000000
___rparam_used             (abs)        000001
___sp                      stack        000000
___wmul                    text2        000EF0
___wmul@multiplicand       cstackCOMRAM 000003
___wmul@multiplier         cstackCOMRAM 000001
___wmul@product            cstackCOMRAM 000005
__accesstop                (abs)        000080
__activetblptr             (abs)        000002
__end_of_IOTICAT_exists    text15       000CF6
__end_of_IOTICAT_init      text14       000F48
__end_of_IOTICAT_login     text4        000BF0
__end_of_IOTICAT_register  text3        000EF0
__end_of_IOTICAT_show      text1        000B5A
__end_of___wmul            text2        000F16
__end_of__initialization   cinit        000E64
__end_of_fputc             text12       000C86
__end_of_main              text0        000742
__end_of_printf            text7        000F3C
__end_of_putch             text13       000F52
__end_of_stoa              text10       0008DA
__end_of_strcmp            text16       000D66
__end_of_strcpy            text6        000E20
__end_of_strlen            text11       000EBC
__end_of_swap              text5        0005A2
__end_of_vfpfcnvrt         text9        000A3E
__end_of_vfprintf          text8        000DC4
__initialization           cinit        000E20
__mediumconst              mediumconst  000000
__pbssBANK0                bssBANK0     000080
__pbssBANK1                bssBANK1     000100
__pbssCOMRAM               bssCOMRAM    00005D
__pcinit                   cinit        000E20
__pcstackCOMRAM            cstackCOMRAM 000001
__pdataBANK0               dataBANK0    0000F9
__pidataBANK0              idataBANK0   000F48
__psmallconst              smallconst   000200
__ptext0                   text0        0005A2
__ptext1                   text1        000A3E
__ptext10                  text10       000742
__ptext11                  text11       000E6E
__ptext12                  text12       000BF0
__ptext13                  text13       000F50
__ptext14                  text14       000F3C
__ptext15                  text15       000C86
__ptext16                  text16       000CF6
__ptext2                   text2        000EF0
__ptext3                   text3        000EBC
__ptext4                   text4        000B5A
__ptext5                   text5        0002D2
__ptext6                   text6        000DC4
__ptext7                   text7        000F16
__ptext8                   text8        000D66
__ptext9                   text9        0008DA
__ramtop                   ramtop       000200
__size_of_IOTICAT_exists   (abs)        000000
__size_of_IOTICAT_init     (abs)        000000
__size_of_IOTICAT_login    (abs)        000000
__size_of_IOTICAT_register (abs)        000000
__size_of_IOTICAT_show     (abs)        000000
__size_of___wmul           (abs)        000000
__size_of_fputc            (abs)        000000
__size_of_main             (abs)        000000
__size_of_printf           (abs)        000000
__size_of_putch            (abs)        000000
__size_of_stoa             (abs)        000000
__size_of_strcmp           (abs)        000000
__size_of_strcpy           (abs)        000000
__size_of_strlen           (abs)        000000
__size_of_swap             (abs)        000000
__size_of_vfpfcnvrt        (abs)        000000
__size_of_vfprintf         (abs)        000000
__smallconst               smallconst   000200
_database                  bssBANK0     000080
_flags                     bssCOMRAM    000063
_fputc                     text12       000BF0
_main                      text0        0005A2
_nout                      bssCOMRAM    00005D
_prec                      bssCOMRAM    000061
_printf                    text7        000F16
_putch                     text13       000F50
_stoa                      text10       000742
_strcmp                    text16       000CF6
_strcpy                    text6        000DC4
_strlen                    text11       000E6E
_swap                      text5        0002D2
_swappy                    bssCOMRAM    000065
_vfpfcnvrt                 text9        0008DA
_vfprintf                  text8        000D66
_width                     bssCOMRAM    00005F
end_of_initialization      cinit        000E64
fputc@c                    cstackCOMRAM 000001
fputc@fp                   cstackCOMRAM 000003
intlevel0                  text         000000
intlevel1                  text         000000
intlevel2                  text         000000
intlevel3                  text         000000
main@permanencia           cstackCOMRAM 000044
main@user                  cstackCOMRAM 000046
printf@ap                  cstackCOMRAM 00003A
printf@fmt                 cstackCOMRAM 000032
stackhi                    (abs)        0001FF
stacklo                    (abs)        000120
start                      init         000000
start_initialization       cinit        000E20
stoa@F1131                 dataBANK0    0000F9
stoa@cp                    cstackCOMRAM 00001A
stoa@fp                    cstackCOMRAM 00000A
stoa@i                     cstackCOMRAM 000016
stoa@l                     cstackCOMRAM 00001E
stoa@nuls                  cstackCOMRAM 00000F
stoa@p                     cstackCOMRAM 00001C
stoa@s                     cstackCOMRAM 00000C
stoa@w                     cstackCOMRAM 000018
strcmp@l                   cstackCOMRAM 000001
strcmp@r                   cstackCOMRAM 000003
strcpy@d                   cstackCOMRAM 000009
strcpy@dest                cstackCOMRAM 000001
strcpy@s                   cstackCOMRAM 000007
strcpy@src                 cstackCOMRAM 000003
strlen@a                   cstackCOMRAM 000003
strlen@s                   cstackCOMRAM 000001
swap@i                     cstackCOMRAM 00003D
swap@j                     cstackCOMRAM 00003C
vfpfcnvrt@ap               cstackCOMRAM 000024
vfpfcnvrt@cp               cstackCOMRAM 000028
vfpfcnvrt@fmt              cstackCOMRAM 000022
vfpfcnvrt@fp               cstackCOMRAM 000020
vfprintf@ap                cstackCOMRAM 00002E
vfprintf@cfmt              cstackCOMRAM 000030
vfprintf@fmt               cstackCOMRAM 00002C
vfprintf@fp                cstackCOMRAM 00002A


FUNCTION INFORMATION:

 *************** function _main *****************
 Defined at:
		line 12 in file "main.c"
 Parameters:    Size  Location     Type
		None
 Auto vars:     Size  Location     Type
  user           23   69[COMRAM] struct .
  permanencia     2   67[COMRAM] struct .
  state           1    0        unsigned char 
 Return value:  Size  Location     Type
                  1    wreg      void 
 Registers used:
		wreg, fsr0l, fsr0h, fsr1l, fsr1h, fsr2l, fsr2h, status,2, status,0, tblptrl, tblptrh, tblptru, prodl, prodh, cstack
 Tracked objects:
		On entry : 
		On exit  : 
		Unchanged: 
 Data sizes:     COMRAM   BANK0   BANK1
      Params:         0       0       0
      Locals:        26       0       0
      Temps:          0       0       0
      Totals:        26       0       0
Total ram usage:       26 bytes
 Hardware stack levels required when called:    8
 This function calls:
		_IOTICAT_exists
		_IOTICAT_init
		_IOTICAT_login
		_IOTICAT_register
		_IOTICAT_show
		_strcpy
 This function is called by:
		Startup code after reset
 This function uses a non-reentrant model


 *************** function _IOTICAT_show *****************
 Defined at:
		line 118 in file "ioticat.c"
 Parameters:    Size  Location     Type
		None
 Auto vars:     Size  Location     Type
  i               2   64[COMRAM] int 
  i               2   62[COMRAM] int 
 Return value:  Size  Location     Type
                  1    wreg      void 
 Registers used:
		wreg, fsr0l, fsr0h, fsr1l, fsr1h, fsr2l, fsr2h, status,2, status,0, tblptrl, tblptrh, tblptru, prodl, prodh, cstack
 Tracked objects:
		On entry : 
		On exit  : 
		Unchanged: 
 Data sizes:     COMRAM   BANK0   BANK1
      Params:         0       0       0
      Locals:         4       0       0
      Temps:          3       0       0
      Totals:         7       0       0
Total ram usage:        7 bytes
 Hardware stack levels used:    1
 Hardware stack levels required when called:    6
 This function calls:
		___wmul
		_printf
 This function is called by:
		_main
 This function uses a non-reentrant model


 *************** function ___wmul *****************
 Defined at:
		line 15 in file "C:\Program Files (x86)\Microchip\xc8\v2.10\pic\sources\c99\common\Umul16.c"
 Parameters:    Size  Location     Type
  multiplier      2    0[COMRAM] unsigned int 
  multiplicand    2    2[COMRAM] unsigned int 
 Auto vars:     Size  Location     Type
  product         2    4[COMRAM] unsigned int 
 Return value:  Size  Location     Type
                  2    0[COMRAM] unsigned int 
 Registers used:
		wreg, status,2, status,0, prodl, prodh
 Tracked objects:
		On entry : 
		On exit  : 
		Unchanged: 
 Data sizes:     COMRAM   BANK0   BANK1
      Params:         4       0       0
      Locals:         2       0       0
      Temps:          0       0       0
      Totals:         6       0       0
Total ram usage:        6 bytes
 Hardware stack levels used:    1
 This function calls:
		Nothing
 This function is called by:
		_IOTICAT_show
 This function uses a non-reentrant model


 *************** function _IOTICAT_register *****************
 Defined at:
		line 32 in file "ioticat.c"
 Parameters:    Size  Location     Type
  user           23    0[COMRAM] struct .
 Auto vars:     Size  Location     Type
		None
 Return value:  Size  Location     Type
                  1    wreg      unsigned char 
 Registers used:
		wreg, fsr1l, fsr1h, fsr2l, fsr2h, status,2, status,0, prodl, prodh
 Tracked objects:
		On entry : 
		On exit  : 
		Unchanged: 
 Data sizes:     COMRAM   BANK0   BANK1
      Params:        23       0       0
      Locals:         0       0       0
      Temps:          0       0       0
      Totals:        23       0       0
Total ram usage:       23 bytes
 Hardware stack levels used:    1
 This function calls:
		Nothing
 This function is called by:
		_main
 This function uses a non-reentrant model


 *************** function _IOTICAT_login *****************
 Defined at:
		line 95 in file "ioticat.c"
 Parameters:    Size  Location     Type
  uid             2   61[COMRAM] PTR const unsigned char 
		 -> STR_9(7), 
 Auto vars:     Size  Location     Type
  i               1   63[COMRAM] unsigned char 
 Return value:  Size  Location     Type
                  1    wreg      unsigned char 
 Registers used:
		wreg, fsr0l, fsr0h, fsr1l, fsr1h, fsr2l, fsr2h, status,2, status,0, tblptrl, tblptrh, tblptru, prodl, prodh, cstack
 Tracked objects:
		On entry : 
		On exit  : 
		Unchanged: 
 Data sizes:     COMRAM   BANK0   BANK1
      Params:         2       0       0
      Locals:         1       0       0
      Temps:          0       0       0
      Totals:         3       0       0
Total ram usage:        3 bytes
 Hardware stack levels used:    1
 Hardware stack levels required when called:    7
 This function calls:
		_printf
		_strcmp
		_swap
 This function is called by:
		_main
 This function uses a non-reentrant model


 *************** function _swap *****************
 Defined at:
		line 46 in file "ioticat.c"
 Parameters:    Size  Location     Type
  i               1    wreg     unsigned char 
  j               1   59[COMRAM] unsigned char 
 Auto vars:     Size  Location     Type
  i               1   60[COMRAM] unsigned char 
 Return value:  Size  Location     Type
                  1    wreg      void 
 Registers used:
		wreg, fsr0l, fsr0h, fsr1l, fsr1h, fsr2l, fsr2h, status,2, status,0, tblptrl, tblptrh, tblptru, prodl, prodh, cstack
 Tracked objects:
		On entry : 
		On exit  : 
		Unchanged: 
 Data sizes:     COMRAM   BANK0   BANK1
      Params:         1       0       0
      Locals:         1       0       0
      Temps:          0       0       0
      Totals:         2       0       0
Total ram usage:        2 bytes
 Hardware stack levels used:    1
 Hardware stack levels required when called:    6
 This function calls:
		_printf
		_strcpy
 This function is called by:
		_IOTICAT_login
 This function uses a non-reentrant model


 *************** function _strcpy *****************
 Defined at:
		line 3 in file "C:\Program Files (x86)\Microchip\xc8\v2.10\pic\sources\c99\common\strcpy.c"
 Parameters:    Size  Location     Type
  dest            2    0[COMRAM] PTR unsigned char 
		 -> swappy(23), database.users(115), database(121), main@user(23), 
  src             2    2[COMRAM] PTR const unsigned char 
		 -> swappy.uid(6), swappy.name(11), swappy(23), database.users.uid(6), 
		 -> database.users.name(11), database.users(115), STR_8(7), STR_7(7), 
		 -> STR_6(7), STR_5(6), STR_4(7), STR_3(11), 
		 -> STR_2(7), STR_1(5), 
 Auto vars:     Size  Location     Type
  d               2    8[COMRAM] PTR unsigned char 
		 -> swappy(23), database.users(115), database(121), main@user(23), 
  s               2    6[COMRAM] PTR const unsigned char 
		 -> swappy.uid(6), swappy.name(11), swappy(23), database.users.uid(6), 
		 -> database.users.name(11), database.users(115), STR_8(7), STR_7(7), 
		 -> STR_6(7), STR_5(6), STR_4(7), STR_3(11), 
		 -> STR_2(7), STR_1(5), 
 Return value:  Size  Location     Type
                  2    0[COMRAM] PTR unsigned char 
 Registers used:
		wreg, fsr0l, fsr0h, fsr2l, fsr2h, status,2, status,0, tblptrl, tblptrh, tblptru
 Tracked objects:
		On entry : 
		On exit  : 
		Unchanged: 
 Data sizes:     COMRAM   BANK0   BANK1
      Params:         4       0       0
      Locals:         4       0       0
      Temps:          2       0       0
      Totals:        10       0       0
Total ram usage:       10 bytes
 Hardware stack levels used:    1
 This function calls:
		Nothing
 This function is called by:
		_main
		_swap
 This function uses a non-reentrant model


 *************** function _printf *****************
 Defined at:
		line 5 in file "C:\Program Files (x86)\Microchip\xc8\v2.10\pic\sources\c99\common\printf.c"
 Parameters:    Size  Location     Type
  fmt             2   49[COMRAM] PTR const unsigned char 
		 -> STR_18(19), STR_17(29), STR_16(19), STR_15(26), 
		 -> STR_14(41), STR_13(12), STR_12(11), STR_11(12), 
 Auto vars:     Size  Location     Type
  ap              2   57[COMRAM] PTR void [1]
		 -> ?_printf(2), 
  ret             2    0        int 
 Return value:  Size  Location     Type
                  2   49[COMRAM] int 
 Registers used:
		wreg, fsr0l, fsr0h, fsr1l, fsr1h, fsr2l, fsr2h, status,2, status,0, tblptrl, tblptrh, tblptru, cstack
 Tracked objects:
		On entry : 
		On exit  : 
		Unchanged: 
 Data sizes:     COMRAM   BANK0   BANK1
      Params:         6       0       0
      Locals:         4       0       0
      Temps:          0       0       0
      Totals:        10       0       0
Total ram usage:       10 bytes
 Hardware stack levels used:    1
 Hardware stack levels required when called:    5
 This function calls:
		_vfprintf
 This function is called by:
		_swap
		_IOTICAT_login
		_IOTICAT_show
 This function uses a non-reentrant model


 *************** function _vfprintf *****************
 Defined at:
		line 1368 in file "C:\Program Files (x86)\Microchip\xc8\v2.10\pic\sources\c99\common\doprnt.c"
 Parameters:    Size  Location     Type
  fp              2   41[COMRAM] PTR struct _IO_FILE
		 -> NULL(0), 
  fmt             2   43[COMRAM] PTR const unsigned char 
		 -> STR_18(19), STR_17(29), STR_16(19), STR_15(26), 
		 -> STR_14(41), STR_13(12), STR_12(11), STR_11(12), 
  ap              2   45[COMRAM] PTR PTR void 
		 -> printf@ap(2), 
 Auto vars:     Size  Location     Type
  cfmt            2   47[COMRAM] PTR unsigned char 
		 -> STR_18(19), STR_17(29), STR_16(19), STR_15(26), 
		 -> STR_14(41), STR_13(12), STR_12(11), STR_11(12), 
 Return value:  Size  Location     Type
                  2   41[COMRAM] int 
 Registers used:
		wreg, fsr0l, fsr0h, fsr1l, fsr1h, fsr2l, fsr2h, status,2, status,0, tblptrl, tblptrh, tblptru, cstack
 Tracked objects:
		On entry : 
		On exit  : 
		Unchanged: 
 Data sizes:     COMRAM   BANK0   BANK1
      Params:         6       0       0
      Locals:         2       0       0
      Temps:          0       0       0
      Totals:         8       0       0
Total ram usage:        8 bytes
 Hardware stack levels used:    1
 Hardware stack levels required when called:    4
 This function calls:
		_vfpfcnvrt
 This function is called by:
		_printf
 This function uses a non-reentrant model


 *************** function _vfpfcnvrt *****************
 Defined at:
		line 670 in file "C:\Program Files (x86)\Microchip\xc8\v2.10\pic\sources\c99\common\doprnt.c"
 Parameters:    Size  Location     Type
  fp              2   31[COMRAM] PTR struct _IO_FILE
		 -> NULL(0), 
  fmt             2   33[COMRAM] PTR PTR unsigned char 
		 -> vfprintf@cfmt(2), 
  ap              2   35[COMRAM] PTR PTR void 
		 -> printf@ap(2), 
 Auto vars:     Size  Location     Type
  llu             8    0        unsigned long long 
  ll              8    0        long long 
  f               4    0        long long 
  vp              3    0        PTR void 
  ct              3    0        unsigned char [3]
  cp              2   39[COMRAM] PTR unsigned char 
		 -> ?_printf(2), swappy(23), database.users(115), database(121), 
		 -> STR_9(7), 
  i               2    0        int 
  done            2    0        int 
  c               1    0        unsigned char 
 Return value:  Size  Location     Type
                  2   31[COMRAM] int 
 Registers used:
		wreg, fsr0l, fsr0h, fsr1l, fsr1h, fsr2l, fsr2h, status,2, status,0, tblptrl, tblptrh, tblptru, cstack
 Tracked objects:
		On entry : 
		On exit  : 
		Unchanged: 
 Data sizes:     COMRAM   BANK0   BANK1
      Params:         6       0       0
      Locals:         2       0       0
      Temps:          2       0       0
      Totals:        10       0       0
Total ram usage:       10 bytes
 Hardware stack levels used:    1
 Hardware stack levels required when called:    3
 This function calls:
		_fputc
		_stoa
 This function is called by:
		_vfprintf
 This function uses a non-reentrant model


 *************** function _stoa *****************
 Defined at:
		line 546 in file "C:\Program Files (x86)\Microchip\xc8\v2.10\pic\sources\c99\common\doprnt.c"
 Parameters:    Size  Location     Type
  fp              2    9[COMRAM] PTR struct _IO_FILE
		 -> NULL(0), 
  s               2   11[COMRAM] PTR unsigned char 
		 -> ?_printf(2), swappy(23), database.users(115), database(121), 
		 -> STR_9(7), 
 Auto vars:     Size  Location     Type
  nuls            7   14[COMRAM] unsigned char [7]
  l               2   29[COMRAM] int 
  p               2   27[COMRAM] int 
  cp              2   25[COMRAM] PTR unsigned char 
		 -> ?_printf(2), stoa@nuls(7), swappy(23), database.users(115), 
		 -> database(121), STR_9(7), 
  w               2   23[COMRAM] int 
  i               2   21[COMRAM] int 
 Return value:  Size  Location     Type
                  2    9[COMRAM] int 
 Registers used:
		wreg, fsr0l, fsr0h, fsr1l, fsr1h, fsr2l, fsr2h, status,2, status,0, tblptrl, tblptrh, tblptru, cstack
 Tracked objects:
		On entry : 
		On exit  : 
		Unchanged: 
 Data sizes:     COMRAM   BANK0   BANK1
      Params:         4       0       0
      Locals:        17       0       0
      Temps:          1       0       0
      Totals:        22       0       0
Total ram usage:       22 bytes
 Hardware stack levels used:    1
 Hardware stack levels required when called:    2
 This function calls:
		_fputc
		_strlen
 This function is called by:
		_vfpfcnvrt
 This function uses a non-reentrant model


 *************** function _strlen *****************
 Defined at:
		line 5 in file "C:\Program Files (x86)\Microchip\xc8\v2.10\pic\sources\c99\common\strlen.c"
 Parameters:    Size  Location     Type
  s               2    0[COMRAM] PTR const unsigned char 
		 -> ?_printf(2), stoa@nuls(7), swappy(23), database.users(115), 
		 -> database(121), STR_9(7), 
 Auto vars:     Size  Location     Type
  a               2    2[COMRAM] PTR const unsigned char 
		 -> ?_printf(2), stoa@nuls(7), swappy(23), database.users(115), 
		 -> database(121), STR_9(7), 
 Return value:  Size  Location     Type
                  2    0[COMRAM] unsigned int 
 Registers used:
		wreg, fsr0l, fsr0h, status,2, status,0, tblptrl, tblptrh, tblptru
 Tracked objects:
		On entry : 
		On exit  : 
		Unchanged: 
 Data sizes:     COMRAM   BANK0   BANK1
      Params:         2       0       0
      Locals:         2       0       0
      Temps:          0       0       0
      Totals:         4       0       0
Total ram usage:        4 bytes
 Hardware stack levels used:    1
 This function calls:
		Nothing
 This function is called by:
		_stoa
 This function uses a non-reentrant model


 *************** function _fputc *****************
 Defined at:
		line 8 in file "C:\Program Files (x86)\Microchip\xc8\v2.10\pic\sources\c99\common\nf_fputc.c"
 Parameters:    Size  Location     Type
  c               2    0[COMRAM] int 
  fp              2    2[COMRAM] PTR struct _IO_FILE
		 -> NULL(0), 
 Auto vars:     Size  Location     Type
		None
 Return value:  Size  Location     Type
                  2    0[COMRAM] int 
 Registers used:
		wreg, fsr1l, fsr1h, fsr2l, fsr2h, status,2, status,0, cstack
 Tracked objects:
		On entry : 
		On exit  : 
		Unchanged: 
 Data sizes:     COMRAM   BANK0   BANK1
      Params:         4       0       0
      Locals:         0       0       0
      Temps:          5       0       0
      Totals:         9       0       0
Total ram usage:        9 bytes
 Hardware stack levels used:    1
 Hardware stack levels required when called:    1
 This function calls:
		_putch
 This function is called by:
		_stoa
		_vfpfcnvrt
 This function uses a non-reentrant model


 *************** function _putch *****************
 Defined at:
		line 7 in file "C:\Program Files (x86)\Microchip\xc8\v2.10\pic\sources\c99\common\putch.c"
 Parameters:    Size  Location     Type
  c               1    wreg     unsigned char 
 Auto vars:     Size  Location     Type
  c               1    0[COMRAM] unsigned char 
 Return value:  Size  Location     Type
                  1    wreg      void 
 Registers used:
		wreg
 Tracked objects:
		On entry : 
		On exit  : 
		Unchanged: 
 Data sizes:     COMRAM   BANK0   BANK1
      Params:         0       0       0
      Locals:         0       0       0
      Temps:          0       0       0
      Totals:         0       0       0
Total ram usage:        0 bytes
 Hardware stack levels used:    1
 This function calls:
		Nothing
 This function is called by:
		_fputc
 This function uses a non-reentrant model


 *************** function _IOTICAT_init *****************
 Defined at:
		line 20 in file "ioticat.c"
 Parameters:    Size  Location     Type
		None
 Auto vars:     Size  Location     Type
		None
 Return value:  Size  Location     Type
                  1    wreg      void 
 Registers used:
		wreg, status,2
 Tracked objects:
		On entry : 
		On exit  : 
		Unchanged: 
 Data sizes:     COMRAM   BANK0   BANK1
      Params:         0       0       0
      Locals:         0       0       0
      Temps:          0       0       0
      Totals:         0       0       0
Total ram usage:        0 bytes
 Hardware stack levels used:    1
 This function calls:
		Nothing
 This function is called by:
		_main
 This function uses a non-reentrant model


 *************** function _IOTICAT_exists *****************
 Defined at:
		line 139 in file "ioticat.c"
 Parameters:    Size  Location     Type
  uid             2    5[COMRAM] PTR unsigned char 
		 -> STR_10(7), 
 Auto vars:     Size  Location     Type
  i               1    7[COMRAM] unsigned char 
 Return value:  Size  Location     Type
                  1    wreg      unsigned char 
 Registers used:
		wreg, fsr2l, fsr2h, status,2, status,0, tblptrl, tblptrh, tblptru, prodl, prodh, cstack
 Tracked objects:
		On entry : 
		On exit  : 
		Unchanged: 
 Data sizes:     COMRAM   BANK0   BANK1
      Params:         2       0       0
      Locals:         1       0       0
      Temps:          0       0       0
      Totals:         3       0       0
Total ram usage:        3 bytes
 Hardware stack levels used:    1
 Hardware stack levels required when called:    1
 This function calls:
		_strcmp
 This function is called by:
		_main
 This function uses a non-reentrant model


 *************** function _strcmp *****************
 Defined at:
		line 3 in file "C:\Program Files (x86)\Microchip\xc8\v2.10\pic\sources\c99\common\strcmp.c"
 Parameters:    Size  Location     Type
  l               2    0[COMRAM] PTR const unsigned char 
		 -> database.users.uid(6), database.users(115), 
  r               2    2[COMRAM] PTR const unsigned char 
		 -> STR_10(7), STR_9(7), 
 Auto vars:     Size  Location     Type
		None
 Return value:  Size  Location     Type
                  2    0[COMRAM] int 
 Registers used:
		wreg, fsr2l, fsr2h, status,2, status,0, tblptrl, tblptrh, tblptru
 Tracked objects:
		On entry : 
		On exit  : 
		Unchanged: 
 Data sizes:     COMRAM   BANK0   BANK1
      Params:         4       0       0
      Locals:         0       0       0
      Temps:          1       0       0
      Totals:         5       0       0
Total ram usage:        5 bytes
 Hardware stack levels used:    1
 This function calls:
		Nothing
 This function is called by:
		_IOTICAT_login
		_IOTICAT_exists
 This function uses a non-reentrant model



MODULE INFORMATION

Module		Function		Class		Link	Load	Size
ioticat.c
		_IOTICAT_init  		CODE           	0F3C	0000	13
		_IOTICAT_show  		CODE           	0A3E	0000	285
		_IOTICAT_login 		CODE           	0B5A	0000	151
		_IOTICAT_register		CODE           	0EBC	0000	53
		_IOTICAT_exists		CODE           	0C86	0000	113
		_swap          		CODE           	02D2	0000	721

ioticat.c estimated size: 1336

C:\Program Files (x86)\Microchip\xc8\v2.10\pic\sources\c99\common\strlen.c
		_strlen        		CODE           	0E6E	0000	79

C:\Program Files (x86)\Microchip\xc8\v2.10\pic\sources\c99\common\strlen.c estimated size: 79

C:\Program Files (x86)\Microchip\xc8\v2.10\pic\sources\c99\common\strcmp.c
		_strcmp        		CODE           	0CF6	0000	113

C:\Program Files (x86)\Microchip\xc8\v2.10\pic\sources\c99\common\strcmp.c estimated size: 113

C:\Program Files (x86)\Microchip\xc8\v2.10\pic\sources\c99\common\strcpy.c
		_strcpy        		CODE           	0DC4	0000	93

C:\Program Files (x86)\Microchip\xc8\v2.10\pic\sources\c99\common\strcpy.c estimated size: 93

C:\Program Files (x86)\Microchip\xc8\v2.10\pic\sources\c99\common\doprnt.c
		_vfpfcnvrt     		CODE           	08DA	0000	357
		_vfprintf      		CODE           	0D66	0000	95
		_stoa          		CODE           	0742	0000	409

C:\Program Files (x86)\Microchip\xc8\v2.10\pic\sources\c99\common\doprnt.c estimated size: 861

shared
		__initialization		CODE           	0E20	0000	69

shared estimated size: 69

C:\Program Files (x86)\Microchip\xc8\v2.10\pic\sources\c99\common\putch.c
		_putch         		CODE           	0F50	0000	3

C:\Program Files (x86)\Microchip\xc8\v2.10\pic\sources\c99\common\putch.c estimated size: 3

C:\Program Files (x86)\Microchip\xc8\v2.10\pic\sources\c99\common\Umul16.c
		___wmul        		CODE           	0EF0	0000	39

C:\Program Files (x86)\Microchip\xc8\v2.10\pic\sources\c99\common\Umul16.c estimated size: 39

main.c
		_main          		CODE           	05A2	0000	417

main.c estimated size: 417

C:\Program Files (x86)\Microchip\xc8\v2.10\pic\sources\c99\common\printf.c
		_printf        		CODE           	0F16	0000	39

C:\Program Files (x86)\Microchip\xc8\v2.10\pic\sources\c99\common\printf.c estimated size: 39

C:\Program Files (x86)\Microchip\xc8\v2.10\pic\sources\c99\common\nf_fputc.c
		_fputc         		CODE           	0BF0	0000	151

C:\Program Files (x86)\Microchip\xc8\v2.10\pic\sources\c99\common\nf_fputc.c estimated size: 151

